{
  "version": "1.5.0",
  "plugins_used": [
    {
      "name": "ArtifactoryDetector"
    },
    {
      "name": "AWSKeyDetector"
    },
    {
      "name": "AzureStorageKeyDetector"
    },
    {
      "name": "Base64HighEntropyString",
      "limit": 4.5
    },
    {
      "name": "BasicAuthDetector"
    },
    {
      "name": "CloudantDetector"
    },
    {
      "name": "DiscordBotTokenDetector"
    },
    {
      "name": "GitHubTokenDetector"
    },
    {
      "name": "GitLabTokenDetector"
    },
    {
      "name": "HexHighEntropyString",
      "limit": 3.0
    },
    {
      "name": "IbmCloudIamDetector"
    },
    {
      "name": "IbmCosHmacDetector"
    },
    {
      "name": "IPPublicDetector"
    },
    {
      "name": "JwtTokenDetector"
    },
    {
      "name": "KeywordDetector",
      "keyword_exclude": ""
    },
    {
      "name": "MailchimpDetector"
    },
    {
      "name": "NpmDetector"
    },
    {
      "name": "OpenAIDetector"
    },
    {
      "name": "PrivateKeyDetector"
    },
    {
      "name": "PypiTokenDetector"
    },
    {
      "name": "SendGridDetector"
    },
    {
      "name": "SlackDetector"
    },
    {
      "name": "SoftlayerDetector"
    },
    {
      "name": "SquareOAuthDetector"
    },
    {
      "name": "StripeDetector"
    },
    {
      "name": "TelegramBotTokenDetector"
    },
    {
      "name": "TwilioKeyDetector"
    }
  ],
  "filters_used": [
    {
      "path": "detect_secrets.filters.allowlist.is_line_allowlisted"
    },
    {
      "path": "detect_secrets.filters.common.is_baseline_file",
      "filename": ".secrets.baseline"
    },
    {
      "path": "detect_secrets.filters.common.is_ignored_due_to_verification_policies",
      "min_level": 2
    },
    {
      "path": "detect_secrets.filters.heuristic.is_indirect_reference"
    },
    {
      "path": "detect_secrets.filters.heuristic.is_likely_id_string"
    },
    {
      "path": "detect_secrets.filters.heuristic.is_lock_file"
    },
    {
      "path": "detect_secrets.filters.heuristic.is_not_alphanumeric_string"
    },
    {
      "path": "detect_secrets.filters.heuristic.is_potential_uuid"
    },
    {
      "path": "detect_secrets.filters.heuristic.is_prefixed_with_dollar_sign"
    },
    {
      "path": "detect_secrets.filters.heuristic.is_sequential_string"
    },
    {
      "path": "detect_secrets.filters.heuristic.is_swagger_file"
    },
    {
      "path": "detect_secrets.filters.heuristic.is_templated_secret"
    },
    {
      "path": "detect_secrets.filters.regex.should_exclude_file",
      "pattern": [
        "tests/fixtures/resources/responses/.*"
      ]
    }
  ],
  "results": {
    ".planning/quick/1-add-a-scan-for-secrets-into-all-github-c/1-PLAN.md": [
      {
        "type": "Secret Keyword",
        "filename": ".planning/quick/1-add-a-scan-for-secrets-into-all-github-c/1-PLAN.md",
        "hashed_secret": "b67adbb9f7287b8f2d9c809b39a804b2123fc4c0",
        "is_verified": false,
        "line_number": 109
      }
    ],
    ".planning/quick/1-add-a-scan-for-secrets-into-all-github-c/1-SUMMARY.md": [
      {
        "type": "Secret Keyword",
        "filename": ".planning/quick/1-add-a-scan-for-secrets-into-all-github-c/1-SUMMARY.md",
        "hashed_secret": "367c880b395b05e6846ec9aed4712f7faf87181c",
        "is_verified": false,
        "line_number": 55
      }
    ],
    "README.md": [
      {
        "type": "Secret Keyword",
        "filename": "README.md",
        "hashed_secret": "08cd923367890009657eab812753379bdb321eeb",
        "is_verified": false,
        "line_number": 66
      }
    ],
    "examples/demo_na_vehicle.py": [
      {
        "type": "Secret Keyword",
        "filename": "examples/demo_na_vehicle.py",
        "hashed_secret": "45d676e7c6ab44cf4b8fa366ef2d8fccd3e6d6e6",
        "is_verified": false,
        "line_number": 8
      }
    ],
    "testing_creds.env": [
      {
        "type": "Secret Keyword",
        "filename": "testing_creds.env",
        "hashed_secret": "c9a4a4d8ee94da5151e2f1645a8c7f3b80b128a6",
        "is_verified": false,
        "line_number": 2
      }
    ],
    "tests/credentials.py.sample": [
      {
        "type": "Secret Keyword",
        "filename": "tests/credentials.py.sample",
        "hashed_secret": "7c6a61c68ef8b9b6b061b28c348bc1ed7921cb53",
        "is_verified": false,
        "line_number": 5
      }
    ],
    "tests/e2e/conftest.py": [
      {
        "type": "Secret Keyword",
        "filename": "tests/e2e/conftest.py",
        "hashed_secret": "45d676e7c6ab44cf4b8fa366ef2d8fccd3e6d6e6",
        "is_verified": false,
        "line_number": 31
      }
    ],
    "tests/na_connection_test.py": [
      {
        "type": "Hex High Entropy String",
        "filename": "tests/na_connection_test.py",
        "hashed_secret": "eacc4f320fbf46cdb6e34357b87a7927e6d9a516",
        "is_verified": false,
        "line_number": 57
      }
    ],
    "tests/na_vehicle_data_test.py": [
      {
        "type": "JSON Web Token",
        "filename": "tests/na_vehicle_data_test.py",
        "hashed_secret": "b0e65229f64770cadeec21f3028364e207623b32",
        "is_verified": false,
        "line_number": 150
      }
    ]
  },
  "generated_at": "2026-03-01T23:12:37Z"
}
